../Core/Src/main.c:81:6:loop_oled	16	static
../Core/Src/main.c:97:7:loop_ultrasonic	16	static
../Core/Src/main.c:136:5:main	16	static
../Core/Src/main.c:184:6:SystemClock_Config	88	static
../Core/Src/main.c:231:13:MX_I2C1_Init	8	static
../Core/Src/main.c:265:13:MX_TIM4_Init	32	static
../Core/Src/main.c:310:13:MX_USART2_UART_Init	8	static
../Core/Src/main.c:343:13:MX_GPIO_Init	40	static
../Core/Src/main.c:377:6:usDelay	16	static
../Core/Src/main.c:393:6:Error_Handler	4	static,ignoring_inline_asm
