../Core/Src/main.c:95:5:main	72	static
../Core/Src/main.c:177:6:SystemClock_Config	88	static
../Core/Src/main.c:225:13:MX_ADC1_Init	24	static
../Core/Src/main.c:295:13:MX_RTC_Init	32	static
../Core/Src/main.c:358:13:MX_TIM3_Init	32	static
../Core/Src/main.c:403:13:MX_USART2_UART_Init	8	static
../Core/Src/main.c:434:13:MX_DMA_Init	16	static
../Core/Src/main.c:452:13:MX_GPIO_Init	40	static
../Core/Src/main.c:474:6:HAL_ADC_ConvCpltCallback	16	static
../Core/Src/main.c:489:6:Error_Handler	4	static,ignoring_inline_asm
